Script started on 2024-04-16 12:56:02+09:00 [TERM="xterm-256color" TTY="/dev/pts/0" COLUMNS="146" LINES="10"]
kt-ogata@exp002:~/tsclient/enshu-D/report-1$ gcc main.c
kt-ogata@exp002:~/tsclient/enshu-D/report-1$ strace -c ./a.out  -----------------hello-------------------------------
hellohellohellohellohellohellohellohellohellohellohellohellohellohellohellohellohellohellohellohellohellohellohellohellohellohellohellohellohellohellohellohellohellohellohellohellohellohellohellohellohellohellohellohellohellohellohellohellohellohellohellohellohellohellohellohellohellohellohellohellohellohellohellohellohellohellohellohellohellohellohellohellohellohellohellohellohellohellohellohellohellohellohellohellohellohellohellohellohellohellohellohellohellohellohellohellohellohellohellohello% time     seconds  usecs/call     calls    errors syscall
------ ----------- ----------- --------- --------- ----------------
  0.00    0.000000           0         1           read
  0.00    0.000000           0         1           write
  0.00    0.000000           0         2           close
  0.00    0.000000           0         3           fstat
  0.00    0.000000           0         7           mmap
  0.00    0.000000           0         3           mprotect
  0.00    0.000000           0         1           munmap
  0.00    0.000000           0         3           brk
  0.00    0.000000           0         6           pread64
  0.00    0.000000           0         1         1 access
  0.00    0.000000           0         1           execve
  0.00    0.000000           0         2         1 arch_prctl
  0.00    0.000000           0         2           openat
------ ----------- ----------- --------- --------- ----------------
100.00    0.000000                    33         2 total
kt-ogata@exp002:~/tsclient/enshu-D/report-1$ strace -c ./a.out[7Pgcc main.c
kt-ogata@exp002:~/tsclient/enshu-D/report-1$ gcc main.cstrace -c ./a.out ------------------hello\n--------------------
hello
hello
hello
hello
hello
hello
hello
hello
hello
hello
hello
hello
hello
hello
hello
hello
hello
hello
hello
hello
hello
hello
hello
hello
hello
hello
hello
hello
hello
hello
hello
hello
hello
hello
hello
hello
hello
hello
hello
hello
hello
hello
hello
hello
hello
hello
hello
hello
hello
hello
hello
hello
hello
hello
hello
hello
hello
hello
hello
hello
hello
hello
hello
hello
hello
hello
hello
hello
hello
hello
hello
hello
hello
hello
hello
hello
hello
hello
hello
hello
hello
hello
hello
hello
hello
hello
hello
hello
hello
hello
hello
hello
hello
hello
hello
hello
hello
hello
hello
hello
% time     seconds  usecs/call     calls    errors syscall
------ ----------- ----------- --------- --------- ----------------
  0.00    0.000000           0         1           read
  0.00    0.000000           0       100           write
  0.00    0.000000           0         2           close
  0.00    0.000000           0         3           fstat
  0.00    0.000000           0         7           mmap
  0.00    0.000000           0         3           mprotect
  0.00    0.000000           0         1           munmap
  0.00    0.000000           0         3           brk
  0.00    0.000000           0         6           pread64
  0.00    0.000000           0         1         1 access
  0.00    0.000000           0         1           execve
  0.00    0.000000           0         2         1 arch_prctl
  0.00    0.000000           0         2           openat
------ ----------- ----------- --------- --------- ----------------
100.00    0.000000                   132         2 total
kt-ogata@exp002:~/tsclient/enshu-D/report-1$ strace -c ./a.out[7Pgcc main.c
kt-ogata@exp002:~/tsclient/enshu-D/report-1$ gcc main.cstrace -c ./a.out -----------------hello-------------------------------
hellohellohellohellohellohellohellohellohellohellohellohellohellohellohellohellohellohellohellohellohellohellohellohellohellohellohellohellohellohellohellohellohellohellohellohellohellohellohellohellohellohellohellohellohellohellohellohellohellohellohellohellohellohellohellohellohellohellohellohellohellohellohellohellohellohellohellohellohellohellohellohellohellohellohellohellohellohellohellohellohellohellohellohellohellohellohellohellohellohellohellohellohellohellohellohellohellohellohellohello% time     seconds  usecs/call     calls    errors syscall
------ ----------- ----------- --------- --------- ----------------
  0.00    0.000000           0         1           read
  0.00    0.000000           0       100           write
  0.00    0.000000           0         2           close
  0.00    0.000000           0         2           fstat
  0.00    0.000000           0         7           mmap
  0.00    0.000000           0         3           mprotect
  0.00    0.000000           0         1           munmap
  0.00    0.000000           0         1           brk
  0.00    0.000000           0         6           pread64
  0.00    0.000000           0         1         1 access
  0.00    0.000000           0         1           execve
  0.00    0.000000           0         2         1 arch_prctl
  0.00    0.000000           0         2           openat
------ ----------- ----------- --------- --------- ----------------
100.00    0.000000                   129         2 total
kt-ogata@exp002:~/tsclient/enshu-D/report-1$ strace -c ./a.out[7Pgcc main.c
kt-ogata@exp002:~/tsclient/enshu-D/report-1$ gcc main.cstrace -c ./a.out -----------------hello\n-------------------------------
hello
hello
hello
hello
hello
hello
hello
hello
hello
hello
hello
hello
hello
hello
hello
hello
hello
hello
hello
hello
hello
hello
hello
hello
hello
hello
hello
hello
hello
hello
hello
hello
hello
hello
hello
hello
hello
hello
hello
hello
hello
hello
hello
hello
hello
hello
hello
hello
hello
hello
hello
hello
hello
hello
hello
hello
hello
hello
hello
hello
hello
hello
hello
hello
hello
hello
hello
hello
hello
hello
hello
hello
hello
hello
hello
hello
hello
hello
hello
hello
hello
hello
hello
hello
hello
hello
hello
hello
hello
hello
hello
hello
hello
hello
hello
hello
hello
hello
hello
hello
% time     seconds  usecs/call     calls    errors syscall
------ ----------- ----------- --------- --------- ----------------
100.00    0.000168           1       100           write
  0.00    0.000000           0         1           read
  0.00    0.000000           0         2           close
  0.00    0.000000           0         2           fstat
  0.00    0.000000           0         7           mmap
  0.00    0.000000           0         3           mprotect
  0.00    0.000000           0         1           munmap
  0.00    0.000000           0         1           brk
  0.00    0.000000           0         6           pread64
  0.00    0.000000           0         1         1 access
  0.00    0.000000           0         1           execve
  0.00    0.000000           0         2         1 arch_prctl
  0.00    0.000000           0         2           openat
------ ----------- ----------- --------- --------- ----------------
100.00    0.000168                   129         2 total
kt-ogata@exp002:~/tsclient/enshu-D/report-1$ exit
exit

Script done on 2024-04-16 12:57:31+09:00 [COMMAND_EXIT_CODE="0"]
